============================================================
LAB 18: PRODUCTION RAG PIPELINE
============================================================

📌 STEP 1: Running Basic RAG Baseline...
----------------------------------------
============================================================
BASIC RAG BASELINE
(paragraph chunking + dense-only, no rerank, no enrichment)
============================================================
  210 basic paragraph chunks

Loading weights:   0%|          | 0/391 [00:00<?, ?it/s]
Loading weights: 100%|██████████| 391/391 [00:00<00:00, 25245.11it/s]

Batches:   0%|          | 0/7 [00:00<?, ?it/s]
Batches:  14%|█▍        | 1/7 [01:32<09:14, 92.49s/it]
Batches:  29%|██▊       | 2/7 [01:44<03:47, 45.42s/it]
Batches:  43%|████▎     | 3/7 [01:57<02:01, 30.37s/it]
Batches:  57%|█████▋    | 4/7 [02:12<01:12, 24.22s/it]
Batches:  71%|███████▏  | 5/7 [02:27<00:41, 20.91s/it]
Batches:  86%|████████▌ | 6/7 [02:45<00:19, 19.86s/it]
Batches: 100%|██████████| 7/7 [02:51<00:00, 15.61s/it]
Batches: 100%|██████████| 7/7 [02:51<00:00, 24.57s/it]
  [1/20] Nhân viên được nghỉ bao nhiêu ngày khi kết hôn?...
  [2/20] Bảo hiểm sức khỏe PVI có hạn mức bao nhiêu cho nhâ...
  [3/20] Phụ cấp ăn trưa hàng tháng là bao nhiêu?...
  [4/20] Nhân viên được nghỉ bao nhiêu ngày phép năm?...
  [5/20] Thâm niên bao nhiêu năm thì được cộng thêm ngày ph...
  [6/20] Mật khẩu phải có tối thiểu bao nhiêu ký tự?...
  [7/20] Bao lâu phải đổi mật khẩu một lần?...
  [8/20] Có cần kích hoạt xác thực đa yếu tố (MFA) không?...
  [9/20] Nhân viên thử việc có được nghỉ phép năm không?...
  [10/20] Khi phát hiện malware trên máy, nhân viên có nên t...
  [11/20] Nhân viên thử việc có được hưởng bảo hiểm sức khỏe...
  [12/20] Một nhân viên Senior có 9 năm thâm niên được nghỉ ...
  [13/20] Nếu cần mua một chiếc laptop 30 triệu cho nhân viê...
  [14/20] Nhân viên được tài trợ khóa học 25 triệu, nghỉ việ...
  [15/20] Mentor và buddy của nhân viên mới có thể là cùng m...
  [16/20] Muốn mua thiết bị trị giá 55 triệu cần ai phê duyệ...
  [17/20] Nhân viên tạm ứng 15 triệu, sau 20 ngày mới thanh ...
  [18/20] Lương thử việc của nhân viên Junior mức cao nhất l...
  [19/20] Thông tin lương thuộc cấp độ phân loại dữ liệu nào...
  [20/20] Nghỉ phép không lương 20 ngày cần ai phê duyệt?...

Evaluating:   0%|          | 0/80 [00:00<?, ?it/s]
Evaluating:   1%|▏         | 1/80 [00:05<07:14,  5.51s/it]
Evaluating:   2%|▎         | 2/80 [00:10<06:29,  5.00s/it]
Evaluating:  12%|█▎        | 10/80 [00:11<00:54,  1.28it/s]
Evaluating:  14%|█▍        | 11/80 [00:12<00:59,  1.16it/s]
Evaluating:  15%|█▌        | 12/80 [00:14<01:03,  1.08it/s]
Evaluating:  24%|██▍       | 19/80 [00:15<00:28,  2.17it/s]
Evaluating:  30%|███       | 24/80 [00:16<00:21,  2.57it/s]
Evaluating:  31%|███▏      | 25/80 [00:16<00:20,  2.71it/s]
Evaluating:  32%|███▎      | 26/80 [00:18<00:30,  1.74it/s]
Evaluating:  34%|███▍      | 27/80 [00:21<00:44,  1.19it/s]
Evaluating:  48%|████▊     | 38/80 [00:22<00:13,  3.04it/s]
Evaluating:  51%|█████▏    | 41/80 [00:23<00:14,  2.68it/s]
Evaluating:  52%|█████▎    | 42/80 [00:25<00:16,  2.25it/s]
Evaluating:  59%|█████▉    | 47/80 [00:26<00:12,  2.72it/s]
Evaluating:  64%|██████▍   | 51/80 [00:27<00:09,  2.95it/s]
Evaluating:  66%|██████▋   | 53/80 [00:29<00:11,  2.33it/s]
Evaluating:  69%|██████▉   | 55/80 [00:30<00:11,  2.09it/s]
Evaluating:  74%|███████▍  | 59/80 [00:31<00:08,  2.35it/s]
Evaluating:  80%|████████  | 64/80 [00:33<00:05,  2.78it/s]
Evaluating:  81%|████████▏ | 65/80 [00:35<00:07,  1.88it/s]
Evaluating:  82%|████████▎ | 66/80 [00:37<00:10,  1.38it/s]
Evaluating:  99%|█████████▉| 79/80 [00:38<00:00,  3.69it/s]
Evaluating: 100%|██████████| 80/80 [00:38<00:00,  2.09it/s]

BASIC BASELINE SCORES
  faithfulness: 0.8458
  answer_relevancy: 0.7112
  context_precision: 0.9250
  context_recall: 0.9250
Report saved to reports/naive_baseline_report.json

Done! Now implement advanced modules and run: python main.py

📌 STEP 2: Running Production Pipeline...
----------------------------------------
Prepared 69 parents and 247 structured children from 28 documents
  Enriched 1/1 chunks...
  Enriched 1/1 chunks...
  Enriched 1/1 chunks...
  Enriched 1/1 chunks...
  Enriched 1/1 chunks...
  Enriched 1/1 chunks...
  Enriched 1/1 chunks...
  Enriched 1/1 chunks...
  Enriched 1/1 chunks...
  Enriched 1/1 chunks...
  Enriched/cached 10/69 parents
  Enriched 1/1 chunks...
  Enriched 1/1 chunks...
  Enriched 1/1 chunks...
  Enriched 1/1 chunks...
  Enriched 1/1 chunks...
  Enriched 1/1 chunks...
  Enriched 1/1 chunks...
  Enriched 1/1 chunks...
  Enriched 1/1 chunks...
  Enriched 1/1 chunks...
  Enriched/cached 20/69 parents
  Enriched 1/1 chunks...
  Enriched 1/1 chunks...
  Enriched 1/1 chunks...
  Enriched 1/1 chunks...
  Enriched 1/1 chunks...
  Enriched 1/1 chunks...
  Enriched 1/1 chunks...
  Enriched 1/1 chunks...
  Enriched 1/1 chunks...
  Enriched 1/1 chunks...
  Enriched/cached 30/69 parents
  Enriched 1/1 chunks...
  Enriched 1/1 chunks...
  Enriched 1/1 chunks...
  Enriched 1/1 chunks...
  Enriched 1/1 chunks...
  Enriched 1/1 chunks...
  Enriched 1/1 chunks...
  Enriched 1/1 chunks...
  Enriched 1/1 chunks...
  Enriched 1/1 chunks...
  Enriched/cached 40/69 parents
  Enriched 1/1 chunks...
  Enriched 1/1 chunks...
  Enriched 1/1 chunks...
  Enriched 1/1 chunks...
  Enriched 1/1 chunks...
  Enriched 1/1 chunks...
  Enriched 1/1 chunks...
  Enriched 1/1 chunks...
  Enriched 1/1 chunks...
  Enriched 1/1 chunks...
  Enriched/cached 50/69 parents
  Enriched 1/1 chunks...
  Enriched 1/1 chunks...
  Enriched 1/1 chunks...
  Enriched 1/1 chunks...
  Enriched 1/1 chunks...
  Enriched 1/1 chunks...
  Enriched 1/1 chunks...
  Enriched 1/1 chunks...
  Enriched 1/1 chunks...
  Enriched 1/1 chunks...
  Enriched/cached 60/69 parents
  Enriched 1/1 chunks...
  Enriched 1/1 chunks...
  Enriched 1/1 chunks...
  Enriched 1/1 chunks...
  Enriched 1/1 chunks...
  Enriched 1/1 chunks...
  Enriched 1/1 chunks...
  Enriched 1/1 chunks...
  Enriched 1/1 chunks...
  Enriched/cached 69/69 parents

Loading weights:   0%|          | 0/391 [00:00<?, ?it/s]
Loading weights: 100%|██████████| 391/391 [00:00<00:00, 12922.74it/s]

Batches:   0%|          | 0/10 [00:00<?, ?it/s]
Batches:  10%|█         | 1/10 [02:01<18:16, 121.86s/it]
Batches:  20%|██        | 2/10 [02:46<10:10, 76.26s/it] 
Batches:  30%|███       | 3/10 [03:12<06:15, 53.64s/it]
Batches:  40%|████      | 4/10 [03:33<04:03, 40.59s/it]
Batches:  50%|█████     | 5/10 [03:48<02:37, 31.41s/it]
Batches:  60%|██████    | 6/10 [03:59<01:37, 24.42s/it]
Batches:  70%|███████   | 7/10 [04:07<00:57, 19.16s/it]
Batches:  80%|████████  | 8/10 [04:18<00:32, 16.41s/it]
Batches:  90%|█████████ | 9/10 [04:24<00:13, 13.36s/it]
Batches: 100%|██████████| 10/10 [04:28<00:00, 10.41s/it]
Batches: 100%|██████████| 10/10 [04:28<00:00, 26.88s/it]

Loading weights:   0%|          | 0/393 [00:00<?, ?it/s]
Loading weights:   1%|          | 3/393 [00:00<00:19, 19.89it/s]
Loading weights:   2%|▏         | 9/393 [00:00<00:10, 37.00it/s]
Loading weights:   4%|▍         | 17/393 [00:00<00:07, 52.86it/s]
Loading weights:   8%|▊         | 30/393 [00:00<00:04, 74.91it/s]
Loading weights:  10%|█         | 40/393 [00:00<00:04, 73.51it/s]
Loading weights:  14%|█▍        | 55/393 [00:00<00:03, 94.35it/s]
Loading weights:  17%|█▋        | 65/393 [00:00<00:03, 86.45it/s]
Loading weights:  19%|█▉        | 76/393 [00:00<00:03, 89.25it/s]
Loading weights:  24%|██▎       | 93/393 [00:01<00:02, 110.79it/s]
Loading weights:  27%|██▋       | 105/393 [00:01<00:02, 104.88it/s]
Loading weights:  31%|███       | 121/393 [00:01<00:02, 108.11it/s]
Loading weights:  34%|███▍      | 133/393 [00:01<00:02, 89.11it/s] 
Loading weights:  36%|███▋      | 143/393 [00:01<00:02, 84.50it/s]
Loading weights:  44%|████▎     | 171/393 [00:01<00:01, 124.71it/s]
Loading weights: 100%|██████████| 393/393 [00:01<00:00, 212.40it/s]
[1/20] Nhân viên được nghỉ bao nhiêu ngày khi kết hôn?
[2/20] Bảo hiểm sức khỏe PVI có hạn mức bao nhiêu cho nhân viên?
[3/20] Phụ cấp ăn trưa hàng tháng là bao nhiêu?
[4/20] Nhân viên được nghỉ bao nhiêu ngày phép năm?
[5/20] Thâm niên bao nhiêu năm thì được cộng thêm ngày phép?
[6/20] Mật khẩu phải có tối thiểu bao nhiêu ký tự?
[7/20] Bao lâu phải đổi mật khẩu một lần?
[8/20] Có cần kích hoạt xác thực đa yếu tố (MFA) không?
[9/20] Nhân viên thử việc có được nghỉ phép năm không?
[10/20] Khi phát hiện malware trên máy, nhân viên có nên tự xử lý không?
[11/20] Nhân viên thử việc có được hưởng bảo hiểm sức khỏe PVI không?
[12/20] Một nhân viên Senior có 9 năm thâm niên được nghỉ bao nhiêu ngày phép năm và lương trong khoảng nào?
[13/20] Nếu cần mua một chiếc laptop 30 triệu cho nhân viên mới, ai phê duyệt và cần gì từ phòng CNTT?
[14/20] Nhân viên được tài trợ khóa học 25 triệu, nghỉ việc sau 8 tháng hoàn thành khóa học. Phải hoàn trả bao nhiêu?
[15/20] Mentor và buddy của nhân viên mới có thể là cùng một người không? Quản lý trực tiếp có thể làm mentor không?
[16/20] Muốn mua thiết bị trị giá 55 triệu cần ai phê duyệt?
[17/20] Nhân viên tạm ứng 15 triệu, sau 20 ngày mới thanh toán. Bị phạt bao nhiêu?
[18/20] Lương thử việc của nhân viên Junior mức cao nhất là bao nhiêu?
[19/20] Thông tin lương thuộc cấp độ phân loại dữ liệu nào?
[20/20] Nghỉ phép không lương 20 ngày cần ai phê duyệt?

Evaluating:   0%|          | 0/80 [00:00<?, ?it/s]
Evaluating:   1%|▏         | 1/80 [00:04<05:41,  4.32s/it]
Evaluating:   2%|▎         | 2/80 [00:07<04:48,  3.70s/it]
Evaluating:  11%|█▏        | 9/80 [00:08<00:48,  1.46it/s]
Evaluating:  12%|█▎        | 10/80 [00:09<00:43,  1.61it/s]
Evaluating:  14%|█▍        | 11/80 [00:09<00:44,  1.55it/s]
Evaluating:  15%|█▌        | 12/80 [00:10<00:39,  1.73it/s]
Evaluating:  19%|█▉        | 15/80 [00:11<00:36,  1.77it/s]
Evaluating:  20%|██        | 16/80 [00:14<00:56,  1.14it/s]
Evaluating:  32%|███▎      | 26/80 [00:17<00:24,  2.17it/s]
Evaluating:  41%|████▏     | 33/80 [00:18<00:15,  2.94it/s]
Evaluating:  45%|████▌     | 36/80 [00:19<00:16,  2.69it/s]
Evaluating:  46%|████▋     | 37/80 [00:22<00:25,  1.66it/s]
Evaluating:  60%|██████    | 48/80 [00:23<00:10,  3.18it/s]
Evaluating:  61%|██████▏   | 49/80 [00:25<00:12,  2.52it/s]
Evaluating:  62%|██████▎   | 50/80 [00:28<00:19,  1.55it/s]
Evaluating:  75%|███████▌  | 60/80 [00:29<00:07,  2.86it/s]
Evaluating:  78%|███████▊  | 62/80 [00:31<00:07,  2.48it/s]
Evaluating:  79%|███████▉  | 63/80 [00:35<00:12,  1.38it/s]
Evaluating:  90%|█████████ | 72/80 [00:36<00:03,  2.44it/s]
Evaluating:  91%|█████████▏| 73/80 [00:37<00:03,  2.08it/s]
Evaluating:  98%|█████████▊| 78/80 [00:37<00:00,  3.16it/s]
Evaluating: 100%|██████████| 80/80 [00:38<00:00,  2.82it/s]
Evaluating: 100%|██████████| 80/80 [00:38<00:00,  2.06it/s]
Report saved to reports/ragas_report.json
{'faithfulness': 0.8708333333333333, 'answer_relevancy': 0.8188830114066163, 'context_precision': 0.9416666666045831, 'context_recall': 0.95}

📌 STEP 3: Comparison
----------------------------------------

Metric                       Basic   Production        Δ
-------------------------------------------------------
✓ faithfulness              0.8458       0.8708  +0.0250
✓ answer_relevancy          0.7112       0.8189  +0.1077
✓ context_precision         0.9250       0.9417  +0.0167
✓ context_recall            0.9250       0.9500  +0.0250

⏱️  Total time: 1094.7s

📋 Next steps:
  1. Điền analysis/failure_analysis.md
  2. Viết analysis/reflections/reflection_[HọTên].md
  3. Chạy: python check_lab.py
