Prepared 69 parents and 247 structured children from 28 documents
  Enriched/cached 10/69 parents
  Enriched/cached 20/69 parents
  Enriched/cached 30/69 parents
  Enriched/cached 40/69 parents
  Enriched/cached 50/69 parents
  Enriched/cached 60/69 parents
  Enriched/cached 69/69 parents
Reusing verified Qdrant index; BM25 rebuilt
[1/20] Nhân viên được nghỉ bao nhiêu ngày khi kết hôn?
[2/20] Bảo hiểm sức khỏe PVI có hạn mức bao nhiêu cho nhân viên?
[3/20] Phụ cấp ăn trưa hàng tháng là bao nhiêu?
[4/20] Nhân viên được nghỉ bao nhiêu ngày phép năm?
[5/20] Thâm niên bao nhiêu năm thì được cộng thêm ngày phép?
[6/20] Mật khẩu phải có tối thiểu bao nhiêu ký tự?
[7/20] Bao lâu phải đổi mật khẩu một lần?
[8/20] Có cần kích hoạt xác thực đa yếu tố (MFA) không?
[9/20] Nhân viên thử việc có được nghỉ phép năm không?
[10/20] Khi phát hiện malware trên máy, nhân viên có nên tự xử lý không?
[11/20] Nhân viên thử việc có được hưởng bảo hiểm sức khỏe PVI không?
[12/20] Một nhân viên Senior có 9 năm thâm niên được nghỉ bao nhiêu ngày phép năm và lương trong khoảng nào?
[13/20] Nếu cần mua một chiếc laptop 30 triệu cho nhân viên mới, ai phê duyệt và cần gì từ phòng CNTT?
[14/20] Nhân viên được tài trợ khóa học 25 triệu, nghỉ việc sau 8 tháng hoàn thành khóa học. Phải hoàn trả bao nhiêu?
[15/20] Mentor và buddy của nhân viên mới có thể là cùng một người không? Quản lý trực tiếp có thể làm mentor không?

Loading weights:   0%|          | 0/391 [00:00<?, ?it/s]
Loading weights: 100%|██████████| 391/391 [00:00<00:00, 17793.88it/s]

Loading weights:   0%|          | 0/393 [00:00<?, ?it/s]
Loading weights:   4%|▍         | 17/393 [00:00<00:02, 168.79it/s]
Loading weights:   9%|▊         | 34/393 [00:00<00:02, 144.29it/s]
Loading weights:  13%|█▎        | 52/393 [00:00<00:02, 152.51it/s]
Loading weights:  17%|█▋        | 68/393 [00:00<00:02, 111.50it/s]
Loading weights:  21%|██        | 81/393 [00:00<00:02, 113.53it/s]
Loading weights:  24%|██▍       | 96/393 [00:00<00:02, 109.94it/s]
Loading weights:  27%|██▋       | 108/393 [00:00<00:02, 105.29it/s]
Loading weights:  31%|███       | 120/393 [00:01<00:02, 104.62it/s]
Loading weights:  36%|███▌      | 142/393 [00:01<00:02, 123.14it/s]
Loading weights:  39%|███▉      | 155/393 [00:01<00:02, 111.68it/s]
Loading weights:  42%|████▏     | 167/393 [00:01<00:02, 82.11it/s] 
Loading weights:  45%|████▌     | 177/393 [00:01<00:02, 76.11it/s]
Loading weights:  47%|████▋     | 186/393 [00:01<00:02, 73.74it/s]
Loading weights:  50%|████▉     | 195/393 [00:02<00:02, 72.92it/s]
Loading weights: 100%|██████████| 393/393 [00:02<00:00, 192.26it/s]
[16/20] Muốn mua thiết bị trị giá 55 triệu cần ai phê duyệt?
[17/20] Nhân viên tạm ứng 15 triệu, sau 20 ngày mới thanh toán. Bị phạt bao nhiêu?
[18/20] Lương thử việc của nhân viên Junior mức cao nhất là bao nhiêu?
[19/20] Thông tin lương thuộc cấp độ phân loại dữ liệu nào?
[20/20] Nghỉ phép không lương 20 ngày cần ai phê duyệt?

Evaluating:   0%|          | 0/80 [00:00<?, ?it/s]
Evaluating:   1%|▏         | 1/80 [00:03<04:18,  3.27s/it]
Evaluating:   2%|▎         | 2/80 [00:07<04:49,  3.71s/it]
Evaluating:  11%|█▏        | 9/80 [00:09<01:00,  1.17it/s]
Evaluating:  12%|█▎        | 10/80 [00:11<01:08,  1.02it/s]
Evaluating:  20%|██        | 16/80 [00:12<00:34,  1.85it/s]
Evaluating:  21%|██▏       | 17/80 [00:14<00:40,  1.57it/s]
Evaluating:  32%|███▎      | 26/80 [00:14<00:14,  3.74it/s]
Evaluating:  35%|███▌      | 28/80 [00:14<00:13,  3.81it/s]
Evaluating:  38%|███▊      | 30/80 [00:21<00:41,  1.21it/s]
Evaluating:  49%|████▉     | 39/80 [00:22<00:18,  2.19it/s]
Evaluating:  50%|█████     | 40/80 [00:24<00:21,  1.87it/s]
Evaluating:  51%|█████▏    | 41/80 [00:27<00:30,  1.28it/s]
Evaluating:  66%|██████▋   | 53/80 [00:29<00:11,  2.44it/s]
Evaluating:  68%|██████▊   | 54/80 [00:32<00:15,  1.63it/s]
Evaluating:  79%|███████▉  | 63/80 [00:34<00:06,  2.57it/s]
Evaluating:  80%|████████  | 64/80 [00:35<00:07,  2.16it/s]
Evaluating:  81%|████████▏ | 65/80 [00:37<00:09,  1.56it/s]
Evaluating:  94%|█████████▍| 75/80 [00:39<00:01,  2.84it/s]
Evaluating:  95%|█████████▌| 76/80 [00:39<00:01,  2.66it/s]
Evaluating:  96%|█████████▋| 77/80 [00:40<00:01,  2.71it/s]
Evaluating:  98%|█████████▊| 78/80 [00:40<00:00,  2.61it/s]
Evaluating: 100%|██████████| 80/80 [00:43<00:00,  1.57it/s]
Evaluating: 100%|██████████| 80/80 [00:43<00:00,  1.84it/s]
Report saved to reports/ragas_report.json
{'faithfulness': 0.8617857142857144, 'answer_relevancy': 0.8528389737422455, 'context_precision': 0.9249999999379167, 'context_recall': 0.95}
