  Reusing 493/493 cached children

Loading weights:   0%|          | 0/391 [00:00<?, ?it/s]
Loading weights: 100%|██████████| 391/391 [00:00<00:00, 22552.81it/s]

Loading weights:   0%|          | 0/393 [00:00<?, ?it/s]
Loading weights:   1%|▏         | 5/393 [00:00<00:08, 43.14it/s]
Loading weights:   5%|▍         | 18/393 [00:00<00:05, 74.15it/s]
Loading weights:  10%|█         | 40/393 [00:00<00:03, 102.10it/s]
Loading weights:  13%|█▎        | 51/393 [00:00<00:03, 100.54it/s]
Loading weights:  17%|█▋        | 65/393 [00:00<00:03, 97.94it/s] 
Loading weights:  19%|█▉        | 75/393 [00:00<00:03, 83.20it/s]
Loading weights:  21%|██▏       | 84/393 [00:01<00:05, 57.00it/s]
Loading weights:  23%|██▎       | 91/393 [00:01<00:05, 52.12it/s]
Loading weights:  25%|██▍       | 97/393 [00:01<00:05, 51.63it/s]
Loading weights:  26%|██▌       | 103/393 [00:01<00:06, 41.97it/s]
Loading weights:  27%|██▋       | 108/393 [00:01<00:08, 32.72it/s]
Loading weights:  31%|███       | 121/393 [00:02<00:05, 48.48it/s]
Loading weights:  33%|███▎      | 128/393 [00:02<00:05, 50.65it/s]
Loading weights:  34%|███▍      | 135/393 [00:02<00:05, 49.92it/s]
Loading weights:  36%|███▌      | 141/393 [00:02<00:04, 51.89it/s]
Loading weights:  37%|███▋      | 147/393 [00:02<00:04, 52.37it/s]
Loading weights: 100%|██████████| 393/393 [00:02<00:00, 153.64it/s]
Thâm niên bao nhiêu năm thì được cộng thêm ngày phép? ['# Chính sách nghỉ phép năm (Phiên bản 2024)', '# Chính sách nghỉ phép không lương', '# Chính sách nghỉ phép đặc biệt']
Mật khẩu phải có tối thiểu bao nhiêu ký tự? ['# Chính sách mật khẩu (Phiên bản hiện hành)', '# Chính sách phân loại dữ liệu', '# Chính sách VPN và truy cập từ xa']
Một nhân viên Senior có 9 năm thâm niên được nghỉ bao nhiêu ngày phép năm và lương trong khoảng nào? ['# Chính sách nghỉ phép năm (Phiên bản 2024)', '# Chính sách nghỉ phép không lương', '# Chính sách nghỉ phép đặc biệt']
